#-----------------------------------------------------------
# Vivado v2024.1.1 (64-bit)
# SW Build 5094488 on Fri Jun 14 08:59:21 MDT 2024
# IP Build 5091682 on Fri Jun 14 16:55:04 MDT 2024
# SharedData Build 5094118 on Fri Jun 14 01:09:43 MDT 2024
# Start of session at: Mon Nov 25 16:28:16 2024
# Process ID: 8852
# Current directory: E:/3310Labs/miniproject_342/miniproject_342.runs/synth_1
# Command line: vivado.exe -log full_sequence_detector_342.vds -product Vivado -mode batch -messageDb vivado.pb -notrace -source full_sequence_detector_342.tcl
# Log file: E:/3310Labs/miniproject_342/miniproject_342.runs/synth_1/full_sequence_detector_342.vds
# Journal file: E:/3310Labs/miniproject_342/miniproject_342.runs/synth_1\vivado.jou
# Running On        :LAPTOP-D2QVBJO8
# Platform          :Windows Server 2016 or Windows 10
# Operating System  :26120
# Processor Detail  :AMD Ryzen 7 5800H with Radeon Graphics         
# CPU Frequency     :3194 MHz
# CPU Physical cores:8
# CPU Logical cores :16
# Host memory       :14877 MB
# Swap memory       :8321 MB
# Total Virtual     :23198 MB
# Available Virtual :11602 MB
#-----------------------------------------------------------
source full_sequence_detector_342.tcl -notrace
