#-----------------------------------------------------------
# Vivado v2024.1.1 (64-bit)
# SW Build 5094488 on Fri Jun 14 08:59:21 MDT 2024
# IP Build 5091682 on Fri Jun 14 16:55:04 MDT 2024
# SharedData Build 5094118 on Fri Jun 14 01:09:43 MDT 2024
# Start of session at: Fri Nov  1 21:12:42 2024
# Process ID: 9624
# Current directory: E:/3310Labs/hw3/hw3.runs/synth_1
# Command line: vivado.exe -log JKFF.vds -product Vivado -mode batch -messageDb vivado.pb -notrace -source JKFF.tcl
# Log file: E:/3310Labs/hw3/hw3.runs/synth_1/JKFF.vds
# Journal file: E:/3310Labs/hw3/hw3.runs/synth_1\vivado.jou
# Running On        :LAPTOP-D2QVBJO8
# Platform          :Windows Server 2016 or Windows 10
# Operating System  :26120
# Processor Detail  :AMD Ryzen 7 5800H with Radeon Graphics         
# CPU Frequency     :3194 MHz
# CPU Physical cores:8
# CPU Logical cores :16
# Host memory       :14877 MB
# Swap memory       :14495 MB
# Total Virtual     :29372 MB
# Available Virtual :16693 MB
#-----------------------------------------------------------
source JKFF.tcl -notrace
